C:\Users\chuck\scratch\ETL-SQL\tests\ETL-SQL.Tests\Engine\WhatIfTests.cs(124,45): error CS1061: 'string' does not contain a definition for 'ColumnName' and no accessible extension method 'ColumnName' accepting a first argument of type 'string' could be found (are you missing a using directive or an assembly reference?) [C:\Users\chuck\scratch\ETL-SQL\tests\ETL-SQL.Tests\ETL-SQL.Tests.csproj]
C:\Users\chuck\scratch\ETL-SQL\tests\ETL-SQL.Tests\TempDiagTests.cs(39,22): warning xUnit1031: Test methods should not use blocking task operations, as they can cause deadlocks. Use an async test method and await instead. (https://xunit.net/xunit.analyzers/rules/xUnit1031) [C:\Users\chuck\scratch\ETL-SQL\tests\ETL-SQL.Tests\ETL-SQL.Tests.csproj]
C:\Users\chuck\scratch\ETL-SQL\tests\ETL-SQL.Tests\TempDiagTests.cs(40,40): warning xUnit1031: Test methods should not use blocking task operations, as they can cause deadlocks. Use an async test method and await instead. (https://xunit.net/xunit.analyzers/rules/xUnit1031) [C:\Users\chuck\scratch\ETL-SQL\tests\ETL-SQL.Tests\ETL-SQL.Tests.csproj]

Build FAILED.

C:\Users\chuck\scratch\ETL-SQL\tests\ETL-SQL.Tests\TempDiagTests.cs(39,22): warning xUnit1031: Test methods should not use blocking task operations, as they can cause deadlocks. Use an async test method and await instead. (https://xunit.net/xunit.analyzers/rules/xUnit1031) [C:\Users\chuck\scratch\ETL-SQL\tests\ETL-SQL.Tests\ETL-SQL.Tests.csproj]
C:\Users\chuck\scratch\ETL-SQL\tests\ETL-SQL.Tests\TempDiagTests.cs(40,40): warning xUnit1031: Test methods should not use blocking task operations, as they can cause deadlocks. Use an async test method and await instead. (https://xunit.net/xunit.analyzers/rules/xUnit1031) [C:\Users\chuck\scratch\ETL-SQL\tests\ETL-SQL.Tests\ETL-SQL.Tests.csproj]
C:\Users\chuck\scratch\ETL-SQL\tests\ETL-SQL.Tests\Engine\WhatIfTests.cs(124,45): error CS1061: 'string' does not contain a definition for 'ColumnName' and no accessible extension method 'ColumnName' accepting a first argument of type 'string' could be found (are you missing a using directive or an assembly reference?) [C:\Users\chuck\scratch\ETL-SQL\tests\ETL-SQL.Tests\ETL-SQL.Tests.csproj]
    2 Warning(s)
    1 Error(s)

Time Elapsed 00:00:01.20
