Test run for C:\Users\chuck\scratch\ETL-SQL\tests\ETL-SQL.Tests\bin\Debug\net10.0\ETL-SQL.Tests.dll (.NETCoreApp,Version=v10.0)
A total of 1 test files matched the specified pattern.
[xUnit.net 00:00:00.00] xUnit.net VSTest Adapter v3.1.5+1b188a7b0a (64-bit .NET 10.0.10)
[xUnit.net 00:00:00.13]   Discovering: ETL-SQL.Tests
=== ETL-SQL Test Logger Initialized ===
Security: Path Protection Mode set to Restricted.
Security: Loaded 1 allowed hosts.
Security: Loaded 1 approved safe zones.
Security: Loaded 3 authorized environment variables.
Security: Loaded 0 additional blocked file extensions.
Security: Loaded 0 additional blocked paths.
[xUnit.net 00:00:00.46]   Discovered:  ETL-SQL.Tests
[xUnit.net 00:00:00.47]   Starting:    ETL-SQL.Tests
[xUnit.net 00:00:00.89]   Finished:    ETL-SQL.Tests
  Passed ETL_SQL.Tests.Orchestration.DataQualityMetricsPersistenceTests.PiiFailures_AreMaskedAtCaptureTime [7 ms]
  Passed ETL_SQL.Tests.Orchestration.DataQualityMetricsPersistenceTests.StructuredFailuresAndFreshness_RoundTripWithoutSamples [69 ms]
  Passed ETL_SQL.Tests.Orchestration.DataQualityMetricsPersistenceTests.DataQualityOutcomes_RoundTripThroughJobHistory [32 ms]
  Passed ETL_SQL.Tests.Orchestration.DataQualityMetricsPersistenceTests.PreExistingStore_IsMigratedAdditively_AndKeepsItsRows [45 ms]
  Passed ETL_SQL.Tests.Orchestration.DataQualityMetricsPersistenceTests.HistoryPayload_CarriesCountsOnly_NeverSampleValues [< 1 ms]
  Passed ETL_SQL.Tests.Orchestration.DataQualityMetricsPersistenceTests.Report_TalliesRowsAndCapsSamples [1 ms]
  Passed ETL_SQL.Tests.Orchestration.DataQualityMetricsPersistenceTests.RunsWithoutDataQualityRules_PersistZeroesAndNullPayload [29 ms]
  Passed ETL_SQL.Tests.Orchestration.OrchestratorPromotionPackageTests.Export_RefusesRawCredentials [43 ms]
  Passed ETL_SQL.Tests.Orchestration.OrchestratorPromotionPackageTests.ExportImport_PreservesEligibleState_IsSecretSafe_AndIdempotent [148 ms]

Test Run Successful.
Total tests: 9
     Passed: 9
 Total time: 1.2083 Seconds
