Test run for C:\Users\chuck\scratch\ETL-SQL\tests\ETL-SQL.Tests\bin\Debug\net10.0\ETL-SQL.Tests.dll (.NETCoreApp,Version=v10.0)
A total of 1 test files matched the specified pattern.
[xUnit.net 00:00:00.00] xUnit.net VSTest Adapter v3.1.5+1b188a7b0a (64-bit .NET 10.0.10)
[xUnit.net 00:00:00.13]   Discovering: ETL-SQL.Tests
=== ETL-SQL Test Logger Initialized ===
Security: Path Protection Mode set to Restricted.
Security: Loaded 1 allowed hosts.
Security: Loaded 1 approved safe zones.
Security: Loaded 3 authorized environment variables.
Security: Loaded 0 additional blocked file extensions.
Security: Loaded 0 additional blocked paths.
[xUnit.net 00:00:00.45]   Discovered:  ETL-SQL.Tests
[xUnit.net 00:00:00.46]   Starting:    ETL-SQL.Tests
  Passed ETL_SQL.Tests.Orchestration.WriteEpochFencingTests.ClaimEpoch_AdvancesForward_AndRejectsStale [56 ms]
  Passed ETL_SQL.Tests.Orchestration.WriteEpochFencingTests.FencedStorage_GuardsMoveDestination [36 ms]
  Passed ETL_SQL.Tests.Orchestration.WriteEpochFencingTests.CoordinatedStorage_AllowsHealthyNodesToAlternateWrites [40 ms]
  Passed ETL_SQL.Tests.Orchestration.WriteEpochFencingTests.Scopes_AndKeys_AreIndependent [30 ms]
  Passed ETL_SQL.Tests.Orchestration.WriteEpochFencingTests.ExplicitStaleToken_CannotDeleteNewerArtifact [30 ms]
  Passed ETL_SQL.Tests.Orchestration.WriteEpochFencingTests.FencedStorage_RejectsStaleWriter_AfterNewerNodeWrote [30 ms]
  Passed ETL_SQL.Tests.Orchestration.WriteEpochFencingTests.CoordinatedStorage_FencesDeleteAndAdvancesEpoch [33 ms]
  Passed ETL_SQL.Tests.Orchestration.FencingTokenTests.Acquire_AdvancesTokenMonotonically_AcrossOwnershipChanges [155 ms]
  Passed ETL_SQL.Tests.Orchestration.FencingTokenTests.FencedCompletionWrite_RejectsStaleWriter_ButAllowsCurrentOwner [173 ms]
[xUnit.net 00:00:01.26]   Finished:    ETL-SQL.Tests
  Passed ETL_SQL.Tests.Orchestration.FencingTokenTests.StaleToken_IsRejected_AfterNewerAcquisition [156 ms]

Test Run Successful.
Total tests: 10
     Passed: 10
 Total time: 1.5523 Seconds
