<?xml version="1.0" encoding="utf-8"?>
<TestRun id="7aafe8a1-eda4-43c4-9688-1d2940bbc48f" name="chuck@CHUCKPC 2026-10-01 07:16:05" runUser="ChuckPC\CodexSandboxOffline" xmlns="http://microsoft.com/schemas/VisualStudio/TeamTest/2010">
  <Times creation="2026-10-01T07:16:05.7522345-05:00" queuing="2026-10-01T07:16:05.7522346-05:00" start="2026-10-01T07:16:00.4282216-05:00" finish="2026-10-01T07:16:12.7424501-05:00" />
  <TestSettings name="default" id="29b5bd3a-a1f5-4c39-8eca-8c02b539e51e">
    <Deployment runDeploymentRoot="chuck_CHUCKPC_2026-10-01_07_16_05" />
  </TestSettings>
  <Results>
    <UnitTestResult executionId="3e081807-f6a0-48cc-bba4-66f7e9f913cf" testId="5a6ab6db-12e4-b4f5-02f9-f1e90e2bfd64" testName="ETL_SQL.Portal.Tests.StudioAuthoringContractTests.EveryAuthoringModule_PerformsNoNetworkIoOfItsOwn(module: &quot;studio-authoring-ui.js&quot;)" computerName="CHUCKPC" duration="00:00:00.0002287" startTime="2026-10-01T07:16:12.2609003-05:00" endTime="2026-10-01T07:16:12.2611663-05:00" testType="13cdc9d9-ddb5-4fa4-a97d-d965ccfc6d4b" outcome="Passed" testListId="8c84fa94-04c1-424b-9868-57a2d4851a1d" relativeResultsDirectory="3e081807-f6a0-48cc-bba4-66f7e9f913cf" />
    <UnitTestResult executionId="77d2ec99-3bba-4152-adf6-00e6beb59c3a" testId="dfdc15f0-0b28-bb00-2eb5-8ffea5000280" testName="ETL_SQL.Portal.Tests.StudioAuthoringContractTests.EveryAuthoringModule_PerformsNoNetworkIoOfItsOwn(module: &quot;studio-authoring-dialog.js&quot;)" computerName="CHUCKPC" duration="00:00:00.0002100" startTime="2026-10-01T07:16:12.2645095-05:00" endTime="2026-10-01T07:16:12.2647656-05:00" testType="13cdc9d9-ddb5-4fa4-a97d-d965ccfc6d4b" outcome="Passed" testListId="8c84fa94-04c1-424b-9868-57a2d4851a1d" relativeResultsDirectory="77d2ec99-3bba-4152-adf6-00e6beb59c3a" />
    <UnitTestResult executionId="5aaa6853-9b5b-4cbf-89be-0cd65f0e87c0" testId="a751ab4b-42e5-68fe-355c-8b86f7786de8" testName="ETL_SQL.Portal.Tests.StudioAuthoringContractTests.EveryAuthoringModule_IsHostNeutral(module: &quot;studio-authoring-preview.js&quot;)" computerName="CHUCKPC" duration="00:00:00.0002190" startTime="2026-10-01T07:16:12.2665391-05:00" endTime="2026-10-01T07:16:12.2667942-05:00" testType="13cdc9d9-ddb5-4fa4-a97d-d965ccfc6d4b" outcome="Passed" testListId="8c84fa94-04c1-424b-9868-57a2d4851a1d" relativeResultsDirectory="5aaa6853-9b5b-4cbf-89be-0cd65f0e87c0" />
    <UnitTestResult executionId="0958d51d-9d13-41e9-96c4-bc2e7a994ef6" testId="6d67448a-20d0-5edd-93f7-2c9bd642ed40" testName="ETL_SQL.Portal.Tests.StudioAuthoringContractTests.EveryAuthoringModule_PerformsNoNetworkIoOfItsOwn(module: &quot;studio-authoring-data.js&quot;)" computerName="CHUCKPC" duration="00:00:00.0003686" startTime="2026-10-01T07:16:12.2648355-05:00" endTime="2026-10-01T07:16:12.2652436-05:00" testType="13cdc9d9-ddb5-4fa4-a97d-d965ccfc6d4b" outcome="Passed" testListId="8c84fa94-04c1-424b-9868-57a2d4851a1d" relativeResultsDirectory="0958d51d-9d13-41e9-96c4-bc2e7a994ef6" />
    <UnitTestResult executionId="07cfb69a-01dc-4f13-a565-2570abc6aace" testId="5d639807-b317-9441-ef58-33588c4a266d" testName="ETL_SQL.Portal.Tests.StudioAuthoringContractTests.EveryAuthoringModule_IsHostNeutral(module: &quot;studio-authoring-ui.js&quot;)" computerName="CHUCKPC" duration="00:00:00.0003047" startTime="2026-10-01T07:16:12.2653356-05:00" endTime="2026-10-01T07:16:12.2656857-05:00" testType="13cdc9d9-ddb5-4fa4-a97d-d965ccfc6d4b" outcome="Passed" testListId="8c84fa94-04c1-424b-9868-57a2d4851a1d" relativeResultsDirectory="07cfb69a-01dc-4f13-a565-2570abc6aace" />
    <UnitTestResult executionId="ff5afa72-f07c-497f-b680-5f1669e7444e" testId="f922554b-2ec8-35a7-649f-f698889eeda4" testName="ETL_SQL.Portal.Tests.StudioAuthoringContractTests.EveryAuthoringModule_PerformsNoNetworkIoOfItsOwn(module: &quot;studio-pipeline-canvas.js&quot;)" computerName="CHUCKPC" duration="00:00:00.0006387" startTime="2026-10-01T07:16:12.2612344-05:00" endTime="2026-10-01T07:16:12.2619132-05:00" testType="13cdc9d9-ddb5-4fa4-a97d-d965ccfc6d4b" outcome="Passed" testListId="8c84fa94-04c1-424b-9868-57a2d4851a1d" relativeResultsDirectory="ff5afa72-f07c-497f-b680-5f1669e7444e" />
    <UnitTestResult executionId="052c6e2c-a14d-4472-8dc9-b4a414f0d39f" testId="7a674b93-9a38-ee1c-6acb-8be7044e4bf3" testName="ETL_SQL.Portal.Tests.StudioAuthoringContractTests.EveryAuthoringModule_IsHostNeutral(module: &quot;studio-authoring-chart.js&quot;)" computerName="CHUCKPC" duration="00:00:00.0002621" startTime="2026-10-01T07:16:12.2680059-05:00" endTime="2026-10-01T07:16:12.2683125-05:00" testType="13cdc9d9-ddb5-4fa4-a97d-d965ccfc6d4b" outcome="Passed" testListId="8c84fa94-04c1-424b-9868-57a2d4851a1d" relativeResultsDirectory="052c6e2c-a14d-4472-8dc9-b4a414f0d39f" />
    <UnitTestResult executionId="9d140e52-81fe-4c63-97b1-07893da69ec4" testId="9f638ad7-7361-87d6-cdea-605fa6a0a76a" testName="ETL_SQL.Portal.Tests.PortalTenantArtifactStorageTests.SharedRequestsUseVerifiedTenantAndCallerPathCannotSelectAnotherPrefix" computerName="CHUCKPC" duration="00:00:00.0064909" startTime="2026-10-01T07:16:12.6041634-05:00" endTime="2026-10-01T07:16:12.6107217-05:00" testType="13cdc9d9-ddb5-4fa4-a97d-d965ccfc6d4b" outcome="Passed" testListId="8c84fa94-04c1-424b-9868-57a2d4851a1d" relativeResultsDirectory="9d140e52-81fe-4c63-97b1-07893da69ec4" />
    <UnitTestResult executionId="ff6e6e43-5ee9-4b79-a8ce-c7fdcd50e40b" testId="fe72c5a8-e38d-3a83-7f4f-e0ad9532a42c" testName="ETL_SQL.Portal.Tests.StudioAuthoringContractTests.StudioComposition_DelegatesAuthoringToTheSharedModule" computerName="CHUCKPC" duration="00:00:00.0008903" startTime="2026-10-01T07:16:12.2579094-05:00" endTime="2026-10-01T07:16:12.2589837-05:00" testType="13cdc9d9-ddb5-4fa4-a97d-d965ccfc6d4b" outcome="Passed" testListId="8c84fa94-04c1-424b-9868-57a2d4851a1d" relativeResultsDirectory="ff6e6e43-5ee9-4b79-a8ce-c7fdcd50e40b" />
    <UnitTestResult executionId="9989df72-b452-45b5-a352-8a00a62ee054" testId="8c3505b8-8796-62c9-115a-9ed7a52914b5" testName="ETL_SQL.Portal.Tests.StudioRecoveryDraftTests.WithRecoveryOff_NoDraftIsKeptAndTheSessionSaysSo" computerName="CHUCKPC" duration="00:00:04.0663645" startTime="2026-10-01T07:16:01.6292697-05:00" endTime="2026-10-01T07:16:05.7043827-05:00" testType="13cdc9d9-ddb5-4fa4-a97d-d965ccfc6d4b" outcome="Passed" testListId="8c84fa94-04c1-424b-9868-57a2d4851a1d" relativeResultsDirectory="9989df72-b452-45b5-a352-8a00a62ee054" />
    <UnitTestResult executionId="592f4ffb-c2d5-42d7-bc8c-830d782a65f3" testId="3535073e-0d56-0876-7c61-3f3e814956e9" testName="ETL_SQL.Portal.Tests.StudioRecoveryDraftTests.ADraftIsKeptForItsAuthorAndIsInvisibleToEveryoneElse" computerName="CHUCKPC" duration="00:00:01.6868900" startTime="2026-10-01T07:16:05.7430143-05:00" endTime="2026-10-01T07:16:07.4305903-05:00" testType="13cdc9d9-ddb5-4fa4-a97d-d965ccfc6d4b" outcome="Passed" testListId="8c84fa94-04c1-424b-9868-57a2d4851a1d" relativeResultsDirectory="592f4ffb-c2d5-42d7-bc8c-830d782a65f3" />
    <UnitTestResult executionId="47474dcc-236a-4b3b-b5c5-552f5c4a3542" testId="9a8740e7-e435-28d8-2fdd-d57abba3ab93" testName="ETL_SQL.Portal.Tests.StudioRecoveryDraftTests.ADraftIsRefusedForAReportTheCallerMayNotAuthor" computerName="CHUCKPC" duration="00:00:01.7695934" startTime="2026-10-01T07:16:07.4320133-05:00" endTime="2026-10-01T07:16:09.2019185-05:00" testType="13cdc9d9-ddb5-4fa4-a97d-d965ccfc6d4b" outcome="Passed" testListId="8c84fa94-04c1-424b-9868-57a2d4851a1d" relativeResultsDirectory="47474dcc-236a-4b3b-b5c5-552f5c4a3542" />
    <UnitTestResult executionId="477dc2e2-6a20-4d06-a7ba-385016985d38" testId="b4c24907-23af-085e-ddeb-461aae00f46b" testName="ETL_SQL.Portal.Tests.StudioAuthoringContractTests.EveryAuthoringModule_PerformsNoNetworkIoOfItsOwn(module: &quot;studio-authoring.js&quot;)" computerName="CHUCKPC" duration="00:00:00.0002802" startTime="2026-10-01T07:16:12.2623414-05:00" endTime="2026-10-01T07:16:12.2626588-05:00" testType="13cdc9d9-ddb5-4fa4-a97d-d965ccfc6d4b" outcome="Passed" testListId="8c84fa94-04c1-424b-9868-57a2d4851a1d" relativeResultsDirectory="477dc2e2-6a20-4d06-a7ba-385016985d38" />
    <UnitTestResult executionId="09c4143b-ef5d-45c0-b026-86e008f8dac1" testId="6289b8ee-92d0-583f-afff-d5d3d2498746" testName="ETL_SQL.Portal.Tests.StudioAuthoringContractTests.EveryAuthoringModule_IsHostNeutral(module: &quot;studio-authoring-dialog.js&quot;)" computerName="CHUCKPC" duration="00:00:00.0001899" startTime="2026-10-01T07:16:12.2662477-05:00" endTime="2026-10-01T07:16:12.2664766-05:00" testType="13cdc9d9-ddb5-4fa4-a97d-d965ccfc6d4b" outcome="Passed" testListId="8c84fa94-04c1-424b-9868-57a2d4851a1d" relativeResultsDirectory="09c4143b-ef5d-45c0-b026-86e008f8dac1" />
    <UnitTestResult executionId="f3c90524-8ed1-4998-bfa2-f49ae3da64e0" testId="07d1f6ea-44ef-eeb5-fa97-4e021d8f387b" testName="ETL_SQL.Portal.Tests.StudioAuthoringContractTests.EveryAuthoringModule_PerformsNoNetworkIoOfItsOwn(module: &quot;studio-authoring-pipeline.js&quot;)" computerName="CHUCKPC" duration="00:00:00.0003572" startTime="2026-10-01T07:16:12.2627196-05:00" endTime="2026-10-01T07:16:12.2631137-05:00" testType="13cdc9d9-ddb5-4fa4-a97d-d965ccfc6d4b" outcome="Passed" testListId="8c84fa94-04c1-424b-9868-57a2d4851a1d" relativeResultsDirectory="f3c90524-8ed1-4998-bfa2-f49ae3da64e0" />
    <UnitTestResult executionId="c73006eb-33be-4bb4-b191-7a3cfa88a639" testId="92f6662e-2fbb-660a-2343-3591e702e4fd" testName="ETL_SQL.Portal.Tests.StudioAuthoringContractTests.EveryAuthoringModule_IsHostNeutral(module: &quot;studio-authoring-pipeline.js&quot;)" computerName="CHUCKPC" duration="00:00:00.0003092" startTime="2026-10-01T07:16:12.2690955-05:00" endTime="2026-10-01T07:16:12.2694398-05:00" testType="13cdc9d9-ddb5-4fa4-a97d-d965ccfc6d4b" outcome="Passed" testListId="8c84fa94-04c1-424b-9868-57a2d4851a1d" relativeResultsDirectory="c73006eb-33be-4bb4-b191-7a3cfa88a639" />
    <UnitTestResult executionId="75b69459-33d8-4809-8dba-048db6625fd1" testId="319a2a3f-73c6-1696-9869-9f4a7cd5c268" testName="ETL_SQL.Portal.Tests.StudioAuthoringContractTests.AuthoringModule_WritesScriptOnlyThroughTheCanonicalMutation" computerName="CHUCKPC" duration="00:00:00.0033719" startTime="2026-10-01T07:16:12.2701346-05:00" endTime="2026-10-01T07:16:12.2735559-05:00" testType="13cdc9d9-ddb5-4fa4-a97d-d965ccfc6d4b" outcome="Passed" testListId="8c84fa94-04c1-424b-9868-57a2d4851a1d" relativeResultsDirectory="75b69459-33d8-4809-8dba-048db6625fd1" />
    <UnitTestResult executionId="82995cb9-7b7b-47c2-8dd0-fc43cf492f48" testId="4542c921-9802-12f2-a917-cb9db4c89c37" testName="ETL_SQL.Portal.Tests.SharedStudioSaveRegressionTests.SharedStudioSaveMustUseTheTenantRelativeScriptKey" computerName="CHUCKPC" duration="00:00:00.3273289" startTime="2026-10-01T07:16:12.2763561-05:00" endTime="2026-10-01T07:16:12.6038160-05:00" testType="13cdc9d9-ddb5-4fa4-a97d-d965ccfc6d4b" outcome="Passed" testListId="8c84fa94-04c1-424b-9868-57a2d4851a1d" relativeResultsDirectory="82995cb9-7b7b-47c2-8dd0-fc43cf492f48" />
    <UnitTestResult executionId="ef7b3e82-ea9c-4313-bf0a-820587182f0e" testId="2bf91f22-3621-1664-5b80-42412a77bfb4" testName="ETL_SQL.Portal.Tests.StudioAuthoringContractTests.EveryAuthoringModule_PerformsNoNetworkIoOfItsOwn(module: &quot;studio-authoring-context.js&quot;)" computerName="CHUCKPC" duration="00:00:00.0003283" startTime="2026-10-01T07:16:12.2599793-05:00" endTime="2026-10-01T07:16:12.2603543-05:00" testType="13cdc9d9-ddb5-4fa4-a97d-d965ccfc6d4b" outcome="Passed" testListId="8c84fa94-04c1-424b-9868-57a2d4851a1d" relativeResultsDirectory="ef7b3e82-ea9c-4313-bf0a-820587182f0e" />
    <UnitTestResult executionId="f6125bbd-f69f-4ce9-ac54-10d1240fdbe8" testId="8dac1110-bd45-42b6-deab-1bd9ebeff2c7" testName="ETL_SQL.Portal.Tests.StudioAuthoringContractTests.EveryAuthoringModule_PerformsNoNetworkIoOfItsOwn(module: &quot;studio-query-workbench.js&quot;)" computerName="CHUCKPC" duration="00:00:00.0003134" startTime="2026-10-01T07:16:12.2640574-05:00" endTime="2026-10-01T07:16:12.2644205-05:00" testType="13cdc9d9-ddb5-4fa4-a97d-d965ccfc6d4b" outcome="Passed" testListId="8c84fa94-04c1-424b-9868-57a2d4851a1d" relativeResultsDirectory="f6125bbd-f69f-4ce9-ac54-10d1240fdbe8" />
    <UnitTestResult executionId="2215cb1b-f0c2-4ca7-becd-7c5be4e4e8bc" testId="edf3d44a-cb3f-45ab-deca-d60d49c85480" testName="ETL_SQL.Portal.Tests.StudioAuthoringContractTests.EveryAuthoringModule_IsHostNeutral(module: &quot;studio-authoring-data.js&quot;)" computerName="CHUCKPC" duration="00:00:00.0003276" startTime="2026-10-01T07:16:12.2671036-05:00" endTime="2026-10-01T07:16:12.2674687-05:00" testType="13cdc9d9-ddb5-4fa4-a97d-d965ccfc6d4b" outcome="Passed" testListId="8c84fa94-04c1-424b-9868-57a2d4851a1d" relativeResultsDirectory="2215cb1b-f0c2-4ca7-becd-7c5be4e4e8bc" />
    <UnitTestResult executionId="a42dcd04-f694-479e-89ea-7d303f824a05" testId="e756431c-d1f1-6385-d24e-926e2fea490e" testName="ETL_SQL.Portal.Tests.StudioAuthoringContractTests.EveryAuthoringModule_PerformsNoNetworkIoOfItsOwn(module: &quot;studio-authoring-chart.js&quot;)" computerName="CHUCKPC" duration="00:00:00.0007050" startTime="2026-10-01T07:16:12.2590911-05:00" endTime="2026-10-01T07:16:12.2598492-05:00" testType="13cdc9d9-ddb5-4fa4-a97d-d965ccfc6d4b" outcome="Passed" testListId="8c84fa94-04c1-424b-9868-57a2d4851a1d" relativeResultsDirectory="a42dcd04-f694-479e-89ea-7d303f824a05" />
    <UnitTestResult executionId="8ba3a6d2-ae64-4eb1-b91f-4e7e09605009" testId="b4143dbd-df4c-2164-402e-c16108ab1d33" testName="ETL_SQL.Portal.Tests.StudioAuthoringContractTests.EveryAuthoringModule_PerformsNoNetworkIoOfItsOwn(module: &quot;studio-authoring-report.js&quot;)" computerName="CHUCKPC" duration="00:00:00.0003565" startTime="2026-10-01T07:16:12.2604335-05:00" endTime="2026-10-01T07:16:12.2608328-05:00" testType="13cdc9d9-ddb5-4fa4-a97d-d965ccfc6d4b" outcome="Passed" testListId="8c84fa94-04c1-424b-9868-57a2d4851a1d" relativeResultsDirectory="8ba3a6d2-ae64-4eb1-b91f-4e7e09605009" />
    <UnitTestResult executionId="83e4efe7-4eb5-418b-b826-485a996d3b18" testId="7dd16230-fc3a-b6a8-1644-2afcfee550ce" testName="ETL_SQL.Portal.Tests.StudioAuthoringContractTests.EveryAuthoringModule_IsHostNeutral(module: &quot;studio-authoring-report.js&quot;)" computerName="CHUCKPC" duration="00:00:00.0002621" startTime="2026-10-01T07:16:12.2687335-05:00" endTime="2026-10-01T07:16:12.2690360-05:00" testType="13cdc9d9-ddb5-4fa4-a97d-d965ccfc6d4b" outcome="Passed" testListId="8c84fa94-04c1-424b-9868-57a2d4851a1d" relativeResultsDirectory="83e4efe7-4eb5-418b-b826-485a996d3b18" />
    <UnitTestResult executionId="8ee3f336-5343-40c3-a15a-2c85fb0efae3" testId="4245919d-e1d7-61ee-3c5d-d4bb85c9d980" testName="ETL_SQL.Portal.Tests.PortalTenantArtifactStorageTests.SharedStorageFailsClosedWithoutVerifiedRequestContext" computerName="CHUCKPC" duration="00:00:00.0009283" startTime="2026-10-01T07:16:12.6215858-05:00" endTime="2026-10-01T07:16:12.6225636-05:00" testType="13cdc9d9-ddb5-4fa4-a97d-d965ccfc6d4b" outcome="Passed" testListId="8c84fa94-04c1-424b-9868-57a2d4851a1d" relativeResultsDirectory="8ee3f336-5343-40c3-a15a-2c85fb0efae3" />
    <UnitTestResult executionId="e7f67594-08be-424f-aa09-c8ba3863ef87" testId="366fa017-a3a7-e1f4-b0a5-92d3268e571c" testName="ETL_SQL.Portal.Tests.StudioAuthoringContractTests.EveryAuthoringModule_IsHostNeutral(module: &quot;studio-authoring.js&quot;)" computerName="CHUCKPC" duration="00:00:00.0002434" startTime="2026-10-01T07:16:12.2683862-05:00" endTime="2026-10-01T07:16:12.2686682-05:00" testType="13cdc9d9-ddb5-4fa4-a97d-d965ccfc6d4b" outcome="Passed" testListId="8c84fa94-04c1-424b-9868-57a2d4851a1d" relativeResultsDirectory="e7f67594-08be-424f-aa09-c8ba3863ef87" />
    <UnitTestResult executionId="6545b831-8f41-4599-ab11-cb54992743e6" testId="ffb290b2-e6b2-621f-4f44-1a3178f0a247" testName="ETL_SQL.Portal.Tests.StudioRecoveryDraftTests.ADraftHoldingAPlaintextCredentialIsNotKept" computerName="CHUCKPC" duration="00:00:01.5038421" startTime="2026-10-01T07:16:10.7500098-05:00" endTime="2026-10-01T07:16:12.2542381-05:00" testType="13cdc9d9-ddb5-4fa4-a97d-d965ccfc6d4b" outcome="Passed" testListId="8c84fa94-04c1-424b-9868-57a2d4851a1d" relativeResultsDirectory="6545b831-8f41-4599-ab11-cb54992743e6" />
    <UnitTestResult executionId="a45c5d4a-91f8-4bb7-a2fd-13f7b4faa107" testId="10d32682-c4ef-fe33-ed89-5d276e3666ff" testName="ETL_SQL.Portal.Tests.StudioAuthoringContractTests.VisualTypes_AreDeclaredOnceBesideTheirRoles" computerName="CHUCKPC" duration="00:00:00.0023948" startTime="2026-10-01T07:16:12.2736578-05:00" endTime="2026-10-01T07:16:12.2761079-05:00" testType="13cdc9d9-ddb5-4fa4-a97d-d965ccfc6d4b" outcome="Passed" testListId="8c84fa94-04c1-424b-9868-57a2d4851a1d" relativeResultsDirectory="a45c5d4a-91f8-4bb7-a2fd-13f7b4faa107" />
    <UnitTestResult executionId="d8cb8a42-8989-419e-867c-13344d2a9a08" testId="7547cb53-d934-9561-a495-bed19eddfa3a" testName="ETL_SQL.Portal.Tests.StudioAuthoringContractTests.EveryAuthoringModule_IsHostNeutral(module: &quot;studio-query-workbench.js&quot;)" computerName="CHUCKPC" duration="00:00:00.0003613" startTime="2026-10-01T07:16:12.2657618-05:00" endTime="2026-10-01T07:16:12.2661711-05:00" testType="13cdc9d9-ddb5-4fa4-a97d-d965ccfc6d4b" outcome="Passed" testListId="8c84fa94-04c1-424b-9868-57a2d4851a1d" relativeResultsDirectory="d8cb8a42-8989-419e-867c-13344d2a9a08" />
    <UnitTestResult executionId="a2b4c904-2dd3-49c4-b15a-3acf2683e31a" testId="28bb5cbf-82ce-d86e-6c7e-9bab91d70b84" testName="ETL_SQL.Portal.Tests.StudioAuthoringContractTests.EveryAuthoringModule_IsHostNeutral(module: &quot;studio-authoring-context.js&quot;)" computerName="CHUCKPC" duration="00:00:00.0001535" startTime="2026-10-01T07:16:12.2668534-05:00" endTime="2026-10-01T07:16:12.2670438-05:00" testType="13cdc9d9-ddb5-4fa4-a97d-d965ccfc6d4b" outcome="Passed" testListId="8c84fa94-04c1-424b-9868-57a2d4851a1d" relativeResultsDirectory="a2b4c904-2dd3-49c4-b15a-3acf2683e31a" />
    <UnitTestResult executionId="b4632240-a2e1-4ada-975e-812707930233" testId="6f98ef23-532d-89a3-944b-53e3764fab33" testName="ETL_SQL.Portal.Tests.StudioAuthoringContractTests.EveryAuthoringModule_IsHostNeutral(module: &quot;studio-pipeline-canvas.js&quot;)" computerName="CHUCKPC" duration="00:00:00.0005101" startTime="2026-10-01T07:16:12.2694997-05:00" endTime="2026-10-01T07:16:12.2700472-05:00" testType="13cdc9d9-ddb5-4fa4-a97d-d965ccfc6d4b" outcome="Passed" testListId="8c84fa94-04c1-424b-9868-57a2d4851a1d" relativeResultsDirectory="b4632240-a2e1-4ada-975e-812707930233" />
    <UnitTestResult executionId="0396d76d-c508-43c7-8da3-e23775f12432" testId="1885c71b-0d61-564d-8c02-107d354bed4f" testName="ETL_SQL.Portal.Tests.StudioRecoveryDraftTests.AnUntouchedDraftExpires" computerName="CHUCKPC" duration="00:00:01.5468001" startTime="2026-10-01T07:16:09.2023542-05:00" endTime="2026-10-01T07:16:10.7495077-05:00" testType="13cdc9d9-ddb5-4fa4-a97d-d965ccfc6d4b" outcome="Passed" testListId="8c84fa94-04c1-424b-9868-57a2d4851a1d" relativeResultsDirectory="0396d76d-c508-43c7-8da3-e23775f12432" />
    <UnitTestResult executionId="a31786bb-cf9c-44b8-9da4-30e746f97cf5" testId="a2153455-4b6f-881f-49f6-550477818a16" testName="ETL_SQL.Portal.Tests.StudioAuthoringContractTests.EveryAuthoringModule_PerformsNoNetworkIoOfItsOwn(module: &quot;studio-authoring-preview.js&quot;)" computerName="CHUCKPC" duration="00:00:00.0002567" startTime="2026-10-01T07:16:12.2619790-05:00" endTime="2026-10-01T07:16:12.2622759-05:00" testType="13cdc9d9-ddb5-4fa4-a97d-d965ccfc6d4b" outcome="Passed" testListId="8c84fa94-04c1-424b-9868-57a2d4851a1d" relativeResultsDirectory="a31786bb-cf9c-44b8-9da4-30e746f97cf5" />
    <UnitTestResult executionId="5e3bde4b-9b8b-4a26-8420-1fee1350edd4" testId="6178a700-1a96-b8c9-4429-d7b424f8c6e9" testName="ETL_SQL.Portal.Tests.PortalTenantArtifactStorageTests.SharedRunAuthorityPartitionsRootsScratchAndCheckpointsByServerTenant" computerName="CHUCKPC" duration="00:00:00.0100227" startTime="2026-10-01T07:16:12.6113998-05:00" endTime="2026-10-01T07:16:12.6214789-05:00" testType="13cdc9d9-ddb5-4fa4-a97d-d965ccfc6d4b" outcome="Passed" testListId="8c84fa94-04c1-424b-9868-57a2d4851a1d" relativeResultsDirectory="5e3bde4b-9b8b-4a26-8420-1fee1350edd4" />
  </Results>
  <TestDefinitions>
    <UnitTest name="ETL_SQL.Portal.Tests.PortalTenantArtifactStorageTests.SharedRequestsUseVerifiedTenantAndCallerPathCannotSelectAnotherPrefix" storage="c:\users\chuck\scratch\etl-sql\tests\etl-sql.portal.tests\bin\debug\net10.0\etl-sql.portal.tests.dll" id="9f638ad7-7361-87d6-cdea-605fa6a0a76a">
      <Execution id="9d140e52-81fe-4c63-97b1-07893da69ec4" />
      <TestMethod codeBase="C:\Users\chuck\scratch\ETL-SQL\tests\ETL-SQL.Portal.Tests\bin\Debug\net10.0\ETL-SQL.Portal.Tests.dll" adapterTypeName="executor://xunit/VsTestRunner3/netcore/" className="ETL_SQL.Portal.Tests.PortalTenantArtifactStorageTests" name="SharedRequestsUseVerifiedTenantAndCallerPathCannotSelectAnotherPrefix" />
    </UnitTest>
    <UnitTest name="ETL_SQL.Portal.Tests.StudioAuthoringContractTests.EveryAuthoringModule_PerformsNoNetworkIoOfItsOwn(module: &quot;studio-authoring-report.js&quot;)" storage="c:\users\chuck\scratch\etl-sql\tests\etl-sql.portal.tests\bin\debug\net10.0\etl-sql.portal.tests.dll" id="b4143dbd-df4c-2164-402e-c16108ab1d33">
      <Execution id="8ba3a6d2-ae64-4eb1-b91f-4e7e09605009" />
      <TestMethod codeBase="C:\Users\chuck\scratch\ETL-SQL\tests\ETL-SQL.Portal.Tests\bin\Debug\net10.0\ETL-SQL.Portal.Tests.dll" adapterTypeName="executor://xunit/VsTestRunner3/netcore/" className="ETL_SQL.Portal.Tests.StudioAuthoringContractTests" name="EveryAuthoringModule_PerformsNoNetworkIoOfItsOwn" />
    </UnitTest>
    <UnitTest name="ETL_SQL.Portal.Tests.StudioAuthoringContractTests.EveryAuthoringModule_IsHostNeutral(module: &quot;studio-authoring-dialog.js&quot;)" storage="c:\users\chuck\scratch\etl-sql\tests\etl-sql.portal.tests\bin\debug\net10.0\etl-sql.portal.tests.dll" id="6289b8ee-92d0-583f-afff-d5d3d2498746">
      <Execution id="09c4143b-ef5d-45c0-b026-86e008f8dac1" />
      <TestMethod codeBase="C:\Users\chuck\scratch\ETL-SQL\tests\ETL-SQL.Portal.Tests\bin\Debug\net10.0\ETL-SQL.Portal.Tests.dll" adapterTypeName="executor://xunit/VsTestRunner3/netcore/" className="ETL_SQL.Portal.Tests.StudioAuthoringContractTests" name="EveryAuthoringModule_IsHostNeutral" />
    </UnitTest>
    <UnitTest name="ETL_SQL.Portal.Tests.StudioAuthoringContractTests.EveryAuthoringModule_PerformsNoNetworkIoOfItsOwn(module: &quot;studio-authoring-chart.js&quot;)" storage="c:\users\chuck\scratch\etl-sql\tests\etl-sql.portal.tests\bin\debug\net10.0\etl-sql.portal.tests.dll" id="e756431c-d1f1-6385-d24e-926e2fea490e">
      <Execution id="a42dcd04-f694-479e-89ea-7d303f824a05" />
      <TestMethod codeBase="C:\Users\chuck\scratch\ETL-SQL\tests\ETL-SQL.Portal.Tests\bin\Debug\net10.0\ETL-SQL.Portal.Tests.dll" adapterTypeName="executor://xunit/VsTestRunner3/netcore/" className="ETL_SQL.Portal.Tests.StudioAuthoringContractTests" name="EveryAuthoringModule_PerformsNoNetworkIoOfItsOwn" />
    </UnitTest>
    <UnitTest name="ETL_SQL.Portal.Tests.PortalTenantArtifactStorageTests.SharedRunAuthorityPartitionsRootsScratchAndCheckpointsByServerTenant" storage="c:\users\chuck\scratch\etl-sql\tests\etl-sql.portal.tests\bin\debug\net10.0\etl-sql.portal.tests.dll" id="6178a700-1a96-b8c9-4429-d7b424f8c6e9">
      <Execution id="5e3bde4b-9b8b-4a26-8420-1fee1350edd4" />
      <TestMethod codeBase="C:\Users\chuck\scratch\ETL-SQL\tests\ETL-SQL.Portal.Tests\bin\Debug\net10.0\ETL-SQL.Portal.Tests.dll" adapterTypeName="executor://xunit/VsTestRunner3/netcore/" className="ETL_SQL.Portal.Tests.PortalTenantArtifactStorageTests" name="SharedRunAuthorityPartitionsRootsScratchAndCheckpointsByServerTenant" />
    </UnitTest>
    <UnitTest name="ETL_SQL.Portal.Tests.StudioAuthoringContractTests.EveryAuthoringModule_PerformsNoNetworkIoOfItsOwn(module: &quot;studio-query-workbench.js&quot;)" storage="c:\users\chuck\scratch\etl-sql\tests\etl-sql.portal.tests\bin\debug\net10.0\etl-sql.portal.tests.dll" id="8dac1110-bd45-42b6-deab-1bd9ebeff2c7">
      <Execution id="f6125bbd-f69f-4ce9-ac54-10d1240fdbe8" />
      <TestMethod codeBase="C:\Users\chuck\scratch\ETL-SQL\tests\ETL-SQL.Portal.Tests\bin\Debug\net10.0\ETL-SQL.Portal.Tests.dll" adapterTypeName="executor://xunit/VsTestRunner3/netcore/" className="ETL_SQL.Portal.Tests.StudioAuthoringContractTests" name="EveryAuthoringModule_PerformsNoNetworkIoOfItsOwn" />
    </UnitTest>
    <UnitTest name="ETL_SQL.Portal.Tests.StudioRecoveryDraftTests.ADraftIsRefusedForAReportTheCallerMayNotAuthor" storage="c:\users\chuck\scratch\etl-sql\tests\etl-sql.portal.tests\bin\debug\net10.0\etl-sql.portal.tests.dll" id="9a8740e7-e435-28d8-2fdd-d57abba3ab93">
      <Execution id="47474dcc-236a-4b3b-b5c5-552f5c4a3542" />
      <TestMethod codeBase="C:\Users\chuck\scratch\ETL-SQL\tests\ETL-SQL.Portal.Tests\bin\Debug\net10.0\ETL-SQL.Portal.Tests.dll" adapterTypeName="executor://xunit/VsTestRunner3/netcore/" className="ETL_SQL.Portal.Tests.StudioRecoveryDraftTests" name="ADraftIsRefusedForAReportTheCallerMayNotAuthor" />
    </UnitTest>
    <UnitTest name="ETL_SQL.Portal.Tests.StudioAuthoringContractTests.StudioComposition_DelegatesAuthoringToTheSharedModule" storage="c:\users\chuck\scratch\etl-sql\tests\etl-sql.portal.tests\bin\debug\net10.0\etl-sql.portal.tests.dll" id="fe72c5a8-e38d-3a83-7f4f-e0ad9532a42c">
      <Execution id="ff6e6e43-5ee9-4b79-a8ce-c7fdcd50e40b" />
      <TestMethod codeBase="C:\Users\chuck\scratch\ETL-SQL\tests\ETL-SQL.Portal.Tests\bin\Debug\net10.0\ETL-SQL.Portal.Tests.dll" adapterTypeName="executor://xunit/VsTestRunner3/netcore/" className="ETL_SQL.Portal.Tests.StudioAuthoringContractTests" name="StudioComposition_DelegatesAuthoringToTheSharedModule" />
    </UnitTest>
    <UnitTest name="ETL_SQL.Portal.Tests.StudioAuthoringContractTests.EveryAuthoringModule_IsHostNeutral(module: &quot;studio-authoring-context.js&quot;)" storage="c:\users\chuck\scratch\etl-sql\tests\etl-sql.portal.tests\bin\debug\net10.0\etl-sql.portal.tests.dll" id="28bb5cbf-82ce-d86e-6c7e-9bab91d70b84">
      <Execution id="a2b4c904-2dd3-49c4-b15a-3acf2683e31a" />
      <TestMethod codeBase="C:\Users\chuck\scratch\ETL-SQL\tests\ETL-SQL.Portal.Tests\bin\Debug\net10.0\ETL-SQL.Portal.Tests.dll" adapterTypeName="executor://xunit/VsTestRunner3/netcore/" className="ETL_SQL.Portal.Tests.StudioAuthoringContractTests" name="EveryAuthoringModule_IsHostNeutral" />
    </UnitTest>
    <UnitTest name="ETL_SQL.Portal.Tests.SharedStudioSaveRegressionTests.SharedStudioSaveMustUseTheTenantRelativeScriptKey" storage="c:\users\chuck\scratch\etl-sql\tests\etl-sql.portal.tests\bin\debug\net10.0\etl-sql.portal.tests.dll" id="4542c921-9802-12f2-a917-cb9db4c89c37">
      <Execution id="82995cb9-7b7b-47c2-8dd0-fc43cf492f48" />
      <TestMethod codeBase="C:\Users\chuck\scratch\ETL-SQL\tests\ETL-SQL.Portal.Tests\bin\Debug\net10.0\ETL-SQL.Portal.Tests.dll" adapterTypeName="executor://xunit/VsTestRunner3/netcore/" className="ETL_SQL.Portal.Tests.SharedStudioSaveRegressionTests" name="SharedStudioSaveMustUseTheTenantRelativeScriptKey" />
    </UnitTest>
    <UnitTest name="ETL_SQL.Portal.Tests.PortalTenantArtifactStorageTests.SharedStorageFailsClosedWithoutVerifiedRequestContext" storage="c:\users\chuck\scratch\etl-sql\tests\etl-sql.portal.tests\bin\debug\net10.0\etl-sql.portal.tests.dll" id="4245919d-e1d7-61ee-3c5d-d4bb85c9d980">
      <Execution id="8ee3f336-5343-40c3-a15a-2c85fb0efae3" />
      <TestMethod codeBase="C:\Users\chuck\scratch\ETL-SQL\tests\ETL-SQL.Portal.Tests\bin\Debug\net10.0\ETL-SQL.Portal.Tests.dll" adapterTypeName="executor://xunit/VsTestRunner3/netcore/" className="ETL_SQL.Portal.Tests.PortalTenantArtifactStorageTests" name="SharedStorageFailsClosedWithoutVerifiedRequestContext" />
    </UnitTest>
    <UnitTest name="ETL_SQL.Portal.Tests.StudioAuthoringContractTests.VisualTypes_AreDeclaredOnceBesideTheirRoles" storage="c:\users\chuck\scratch\etl-sql\tests\etl-sql.portal.tests\bin\debug\net10.0\etl-sql.portal.tests.dll" id="10d32682-c4ef-fe33-ed89-5d276e3666ff">
      <Execution id="a45c5d4a-91f8-4bb7-a2fd-13f7b4faa107" />
      <TestMethod codeBase="C:\Users\chuck\scratch\ETL-SQL\tests\ETL-SQL.Portal.Tests\bin\Debug\net10.0\ETL-SQL.Portal.Tests.dll" adapterTypeName="executor://xunit/VsTestRunner3/netcore/" className="ETL_SQL.Portal.Tests.StudioAuthoringContractTests" name="VisualTypes_AreDeclaredOnceBesideTheirRoles" />
    </UnitTest>
    <UnitTest name="ETL_SQL.Portal.Tests.StudioAuthoringContractTests.EveryAuthoringModule_IsHostNeutral(module: &quot;studio-authoring-data.js&quot;)" storage="c:\users\chuck\scratch\etl-sql\tests\etl-sql.portal.tests\bin\debug\net10.0\etl-sql.portal.tests.dll" id="edf3d44a-cb3f-45ab-deca-d60d49c85480">
      <Execution id="2215cb1b-f0c2-4ca7-becd-7c5be4e4e8bc" />
      <TestMethod codeBase="C:\Users\chuck\scratch\ETL-SQL\tests\ETL-SQL.Portal.Tests\bin\Debug\net10.0\ETL-SQL.Portal.Tests.dll" adapterTypeName="executor://xunit/VsTestRunner3/netcore/" className="ETL_SQL.Portal.Tests.StudioAuthoringContractTests" name="EveryAuthoringModule_IsHostNeutral" />
    </UnitTest>
    <UnitTest name="ETL_SQL.Portal.Tests.StudioRecoveryDraftTests.WithRecoveryOff_NoDraftIsKeptAndTheSessionSaysSo" storage="c:\users\chuck\scratch\etl-sql\tests\etl-sql.portal.tests\bin\debug\net10.0\etl-sql.portal.tests.dll" id="8c3505b8-8796-62c9-115a-9ed7a52914b5">
      <Execution id="9989df72-b452-45b5-a352-8a00a62ee054" />
      <TestMethod codeBase="C:\Users\chuck\scratch\ETL-SQL\tests\ETL-SQL.Portal.Tests\bin\Debug\net10.0\ETL-SQL.Portal.Tests.dll" adapterTypeName="executor://xunit/VsTestRunner3/netcore/" className="ETL_SQL.Portal.Tests.StudioRecoveryDraftTests" name="WithRecoveryOff_NoDraftIsKeptAndTheSessionSaysSo" />
    </UnitTest>
    <UnitTest name="ETL_SQL.Portal.Tests.StudioAuthoringContractTests.AuthoringModule_WritesScriptOnlyThroughTheCanonicalMutation" storage="c:\users\chuck\scratch\etl-sql\tests\etl-sql.portal.tests\bin\debug\net10.0\etl-sql.portal.tests.dll" id="319a2a3f-73c6-1696-9869-9f4a7cd5c268">
      <Execution id="75b69459-33d8-4809-8dba-048db6625fd1" />
      <TestMethod codeBase="C:\Users\chuck\scratch\ETL-SQL\tests\ETL-SQL.Portal.Tests\bin\Debug\net10.0\ETL-SQL.Portal.Tests.dll" adapterTypeName="executor://xunit/VsTestRunner3/netcore/" className="ETL_SQL.Portal.Tests.StudioAuthoringContractTests" name="AuthoringModule_WritesScriptOnlyThroughTheCanonicalMutation" />
    </UnitTest>
    <UnitTest name="ETL_SQL.Portal.Tests.StudioAuthoringContractTests.EveryAuthoringModule_IsHostNeutral(module: &quot;studio-authoring-preview.js&quot;)" storage="c:\users\chuck\scratch\etl-sql\tests\etl-sql.portal.tests\bin\debug\net10.0\etl-sql.portal.tests.dll" id="a751ab4b-42e5-68fe-355c-8b86f7786de8">
      <Execution id="5aaa6853-9b5b-4cbf-89be-0cd65f0e87c0" />
      <TestMethod codeBase="C:\Users\chuck\scratch\ETL-SQL\tests\ETL-SQL.Portal.Tests\bin\Debug\net10.0\ETL-SQL.Portal.Tests.dll" adapterTypeName="executor://xunit/VsTestRunner3/netcore/" className="ETL_SQL.Portal.Tests.StudioAuthoringContractTests" name="EveryAuthoringModule_IsHostNeutral" />
    </UnitTest>
    <UnitTest name="ETL_SQL.Portal.Tests.StudioAuthoringContractTests.EveryAuthoringModule_IsHostNeutral(module: &quot;studio-authoring-chart.js&quot;)" storage="c:\users\chuck\scratch\etl-sql\tests\etl-sql.portal.tests\bin\debug\net10.0\etl-sql.portal.tests.dll" id="7a674b93-9a38-ee1c-6acb-8be7044e4bf3">
      <Execution id="052c6e2c-a14d-4472-8dc9-b4a414f0d39f" />
      <TestMethod codeBase="C:\Users\chuck\scratch\ETL-SQL\tests\ETL-SQL.Portal.Tests\bin\Debug\net10.0\ETL-SQL.Portal.Tests.dll" adapterTypeName="executor://xunit/VsTestRunner3/netcore/" className="ETL_SQL.Portal.Tests.StudioAuthoringContractTests" name="EveryAuthoringModule_IsHostNeutral" />
    </UnitTest>
    <UnitTest name="ETL_SQL.Portal.Tests.StudioRecoveryDraftTests.ADraftHoldingAPlaintextCredentialIsNotKept" storage="c:\users\chuck\scratch\etl-sql\tests\etl-sql.portal.tests\bin\debug\net10.0\etl-sql.portal.tests.dll" id="ffb290b2-e6b2-621f-4f44-1a3178f0a247">
      <Execution id="6545b831-8f41-4599-ab11-cb54992743e6" />
      <TestMethod codeBase="C:\Users\chuck\scratch\ETL-SQL\tests\ETL-SQL.Portal.Tests\bin\Debug\net10.0\ETL-SQL.Portal.Tests.dll" adapterTypeName="executor://xunit/VsTestRunner3/netcore/" className="ETL_SQL.Portal.Tests.StudioRecoveryDraftTests" name="ADraftHoldingAPlaintextCredentialIsNotKept" />
    </UnitTest>
    <UnitTest name="ETL_SQL.Portal.Tests.StudioAuthoringContractTests.EveryAuthoringModule_IsHostNeutral(module: &quot;studio-authoring-report.js&quot;)" storage="c:\users\chuck\scratch\etl-sql\tests\etl-sql.portal.tests\bin\debug\net10.0\etl-sql.portal.tests.dll" id="7dd16230-fc3a-b6a8-1644-2afcfee550ce">
      <Execution id="83e4efe7-4eb5-418b-b826-485a996d3b18" />
      <TestMethod codeBase="C:\Users\chuck\scratch\ETL-SQL\tests\ETL-SQL.Portal.Tests\bin\Debug\net10.0\ETL-SQL.Portal.Tests.dll" adapterTypeName="executor://xunit/VsTestRunner3/netcore/" className="ETL_SQL.Portal.Tests.StudioAuthoringContractTests" name="EveryAuthoringModule_IsHostNeutral" />
    </UnitTest>
    <UnitTest name="ETL_SQL.Portal.Tests.StudioAuthoringContractTests.EveryAuthoringModule_IsHostNeutral(module: &quot;studio-pipeline-canvas.js&quot;)" storage="c:\users\chuck\scratch\etl-sql\tests\etl-sql.portal.tests\bin\debug\net10.0\etl-sql.portal.tests.dll" id="6f98ef23-532d-89a3-944b-53e3764fab33">
      <Execution id="b4632240-a2e1-4ada-975e-812707930233" />
      <TestMethod codeBase="C:\Users\chuck\scratch\ETL-SQL\tests\ETL-SQL.Portal.Tests\bin\Debug\net10.0\ETL-SQL.Portal.Tests.dll" adapterTypeName="executor://xunit/VsTestRunner3/netcore/" className="ETL_SQL.Portal.Tests.StudioAuthoringContractTests" name="EveryAuthoringModule_IsHostNeutral" />
    </UnitTest>
    <UnitTest name="ETL_SQL.Portal.Tests.StudioAuthoringContractTests.EveryAuthoringModule_PerformsNoNetworkIoOfItsOwn(module: &quot;studio-authoring-dialog.js&quot;)" storage="c:\users\chuck\scratch\etl-sql\tests\etl-sql.portal.tests\bin\debug\net10.0\etl-sql.portal.tests.dll" id="dfdc15f0-0b28-bb00-2eb5-8ffea5000280">
      <Execution id="77d2ec99-3bba-4152-adf6-00e6beb59c3a" />
      <TestMethod codeBase="C:\Users\chuck\scratch\ETL-SQL\tests\ETL-SQL.Portal.Tests\bin\Debug\net10.0\ETL-SQL.Portal.Tests.dll" adapterTypeName="executor://xunit/VsTestRunner3/netcore/" className="ETL_SQL.Portal.Tests.StudioAuthoringContractTests" name="EveryAuthoringModule_PerformsNoNetworkIoOfItsOwn" />
    </UnitTest>
    <UnitTest name="ETL_SQL.Portal.Tests.StudioRecoveryDraftTests.ADraftIsKeptForItsAuthorAndIsInvisibleToEveryoneElse" storage="c:\users\chuck\scratch\etl-sql\tests\etl-sql.portal.tests\bin\debug\net10.0\etl-sql.portal.tests.dll" id="3535073e-0d56-0876-7c61-3f3e814956e9">
      <Execution id="592f4ffb-c2d5-42d7-bc8c-830d782a65f3" />
      <TestMethod codeBase="C:\Users\chuck\scratch\ETL-SQL\tests\ETL-SQL.Portal.Tests\bin\Debug\net10.0\ETL-SQL.Portal.Tests.dll" adapterTypeName="executor://xunit/VsTestRunner3/netcore/" className="ETL_SQL.Portal.Tests.StudioRecoveryDraftTests" name="ADraftIsKeptForItsAuthorAndIsInvisibleToEveryoneElse" />
    </UnitTest>
    <UnitTest name="ETL_SQL.Portal.Tests.StudioAuthoringContractTests.EveryAuthoringModule_IsHostNeutral(module: &quot;studio-authoring-ui.js&quot;)" storage="c:\users\chuck\scratch\etl-sql\tests\etl-sql.portal.tests\bin\debug\net10.0\etl-sql.portal.tests.dll" id="5d639807-b317-9441-ef58-33588c4a266d">
      <Execution id="07cfb69a-01dc-4f13-a565-2570abc6aace" />
      <TestMethod codeBase="C:\Users\chuck\scratch\ETL-SQL\tests\ETL-SQL.Portal.Tests\bin\Debug\net10.0\ETL-SQL.Portal.Tests.dll" adapterTypeName="executor://xunit/VsTestRunner3/netcore/" className="ETL_SQL.Portal.Tests.StudioAuthoringContractTests" name="EveryAuthoringModule_IsHostNeutral" />
    </UnitTest>
    <UnitTest name="ETL_SQL.Portal.Tests.StudioAuthoringContractTests.EveryAuthoringModule_PerformsNoNetworkIoOfItsOwn(module: &quot;studio-authoring-data.js&quot;)" storage="c:\users\chuck\scratch\etl-sql\tests\etl-sql.portal.tests\bin\debug\net10.0\etl-sql.portal.tests.dll" id="6d67448a-20d0-5edd-93f7-2c9bd642ed40">
      <Execution id="0958d51d-9d13-41e9-96c4-bc2e7a994ef6" />
      <TestMethod codeBase="C:\Users\chuck\scratch\ETL-SQL\tests\ETL-SQL.Portal.Tests\bin\Debug\net10.0\ETL-SQL.Portal.Tests.dll" adapterTypeName="executor://xunit/VsTestRunner3/netcore/" className="ETL_SQL.Portal.Tests.StudioAuthoringContractTests" name="EveryAuthoringModule_PerformsNoNetworkIoOfItsOwn" />
    </UnitTest>
    <UnitTest name="ETL_SQL.Portal.Tests.StudioRecoveryDraftTests.AnUntouchedDraftExpires" storage="c:\users\chuck\scratch\etl-sql\tests\etl-sql.portal.tests\bin\debug\net10.0\etl-sql.portal.tests.dll" id="1885c71b-0d61-564d-8c02-107d354bed4f">
      <Execution id="0396d76d-c508-43c7-8da3-e23775f12432" />
      <TestMethod codeBase="C:\Users\chuck\scratch\ETL-SQL\tests\ETL-SQL.Portal.Tests\bin\Debug\net10.0\ETL-SQL.Portal.Tests.dll" adapterTypeName="executor://xunit/VsTestRunner3/netcore/" className="ETL_SQL.Portal.Tests.StudioRecoveryDraftTests" name="AnUntouchedDraftExpires" />
    </UnitTest>
    <UnitTest name="ETL_SQL.Portal.Tests.StudioAuthoringContractTests.EveryAuthoringModule_PerformsNoNetworkIoOfItsOwn(module: &quot;studio-authoring.js&quot;)" storage="c:\users\chuck\scratch\etl-sql\tests\etl-sql.portal.tests\bin\debug\net10.0\etl-sql.portal.tests.dll" id="b4c24907-23af-085e-ddeb-461aae00f46b">
      <Execution id="477dc2e2-6a20-4d06-a7ba-385016985d38" />
      <TestMethod codeBase="C:\Users\chuck\scratch\ETL-SQL\tests\ETL-SQL.Portal.Tests\bin\Debug\net10.0\ETL-SQL.Portal.Tests.dll" adapterTypeName="executor://xunit/VsTestRunner3/netcore/" className="ETL_SQL.Portal.Tests.StudioAuthoringContractTests" name="EveryAuthoringModule_PerformsNoNetworkIoOfItsOwn" />
    </UnitTest>
    <UnitTest name="ETL_SQL.Portal.Tests.StudioAuthoringContractTests.EveryAuthoringModule_PerformsNoNetworkIoOfItsOwn(module: &quot;studio-authoring-ui.js&quot;)" storage="c:\users\chuck\scratch\etl-sql\tests\etl-sql.portal.tests\bin\debug\net10.0\etl-sql.portal.tests.dll" id="5a6ab6db-12e4-b4f5-02f9-f1e90e2bfd64">
      <Execution id="3e081807-f6a0-48cc-bba4-66f7e9f913cf" />
      <TestMethod codeBase="C:\Users\chuck\scratch\ETL-SQL\tests\ETL-SQL.Portal.Tests\bin\Debug\net10.0\ETL-SQL.Portal.Tests.dll" adapterTypeName="executor://xunit/VsTestRunner3/netcore/" className="ETL_SQL.Portal.Tests.StudioAuthoringContractTests" name="EveryAuthoringModule_PerformsNoNetworkIoOfItsOwn" />
    </UnitTest>
    <UnitTest name="ETL_SQL.Portal.Tests.StudioAuthoringContractTests.EveryAuthoringModule_PerformsNoNetworkIoOfItsOwn(module: &quot;studio-authoring-pipeline.js&quot;)" storage="c:\users\chuck\scratch\etl-sql\tests\etl-sql.portal.tests\bin\debug\net10.0\etl-sql.portal.tests.dll" id="07d1f6ea-44ef-eeb5-fa97-4e021d8f387b">
      <Execution id="f3c90524-8ed1-4998-bfa2-f49ae3da64e0" />
      <TestMethod codeBase="C:\Users\chuck\scratch\ETL-SQL\tests\ETL-SQL.Portal.Tests\bin\Debug\net10.0\ETL-SQL.Portal.Tests.dll" adapterTypeName="executor://xunit/VsTestRunner3/netcore/" className="ETL_SQL.Portal.Tests.StudioAuthoringContractTests" name="EveryAuthoringModule_PerformsNoNetworkIoOfItsOwn" />
    </UnitTest>
    <UnitTest name="ETL_SQL.Portal.Tests.StudioAuthoringContractTests.EveryAuthoringModule_PerformsNoNetworkIoOfItsOwn(module: &quot;studio-pipeline-canvas.js&quot;)" storage="c:\users\chuck\scratch\etl-sql\tests\etl-sql.portal.tests\bin\debug\net10.0\etl-sql.portal.tests.dll" id="f922554b-2ec8-35a7-649f-f698889eeda4">
      <Execution id="ff5afa72-f07c-497f-b680-5f1669e7444e" />
      <TestMethod codeBase="C:\Users\chuck\scratch\ETL-SQL\tests\ETL-SQL.Portal.Tests\bin\Debug\net10.0\ETL-SQL.Portal.Tests.dll" adapterTypeName="executor://xunit/VsTestRunner3/netcore/" className="ETL_SQL.Portal.Tests.StudioAuthoringContractTests" name="EveryAuthoringModule_PerformsNoNetworkIoOfItsOwn" />
    </UnitTest>
    <UnitTest name="ETL_SQL.Portal.Tests.StudioAuthoringContractTests.EveryAuthoringModule_IsHostNeutral(module: &quot;studio-authoring.js&quot;)" storage="c:\users\chuck\scratch\etl-sql\tests\etl-sql.portal.tests\bin\debug\net10.0\etl-sql.portal.tests.dll" id="366fa017-a3a7-e1f4-b0a5-92d3268e571c">
      <Execution id="e7f67594-08be-424f-aa09-c8ba3863ef87" />
      <TestMethod codeBase="C:\Users\chuck\scratch\ETL-SQL\tests\ETL-SQL.Portal.Tests\bin\Debug\net10.0\ETL-SQL.Portal.Tests.dll" adapterTypeName="executor://xunit/VsTestRunner3/netcore/" className="ETL_SQL.Portal.Tests.StudioAuthoringContractTests" name="EveryAuthoringModule_IsHostNeutral" />
    </UnitTest>
    <UnitTest name="ETL_SQL.Portal.Tests.StudioAuthoringContractTests.EveryAuthoringModule_IsHostNeutral(module: &quot;studio-query-workbench.js&quot;)" storage="c:\users\chuck\scratch\etl-sql\tests\etl-sql.portal.tests\bin\debug\net10.0\etl-sql.portal.tests.dll" id="7547cb53-d934-9561-a495-bed19eddfa3a">
      <Execution id="d8cb8a42-8989-419e-867c-13344d2a9a08" />
      <TestMethod codeBase="C:\Users\chuck\scratch\ETL-SQL\tests\ETL-SQL.Portal.Tests\bin\Debug\net10.0\ETL-SQL.Portal.Tests.dll" adapterTypeName="executor://xunit/VsTestRunner3/netcore/" className="ETL_SQL.Portal.Tests.StudioAuthoringContractTests" name="EveryAuthoringModule_IsHostNeutral" />
    </UnitTest>
    <UnitTest name="ETL_SQL.Portal.Tests.StudioAuthoringContractTests.EveryAuthoringModule_IsHostNeutral(module: &quot;studio-authoring-pipeline.js&quot;)" storage="c:\users\chuck\scratch\etl-sql\tests\etl-sql.portal.tests\bin\debug\net10.0\etl-sql.portal.tests.dll" id="92f6662e-2fbb-660a-2343-3591e702e4fd">
      <Execution id="c73006eb-33be-4bb4-b191-7a3cfa88a639" />
      <TestMethod codeBase="C:\Users\chuck\scratch\ETL-SQL\tests\ETL-SQL.Portal.Tests\bin\Debug\net10.0\ETL-SQL.Portal.Tests.dll" adapterTypeName="executor://xunit/VsTestRunner3/netcore/" className="ETL_SQL.Portal.Tests.StudioAuthoringContractTests" name="EveryAuthoringModule_IsHostNeutral" />
    </UnitTest>
    <UnitTest name="ETL_SQL.Portal.Tests.StudioAuthoringContractTests.EveryAuthoringModule_PerformsNoNetworkIoOfItsOwn(module: &quot;studio-authoring-preview.js&quot;)" storage="c:\users\chuck\scratch\etl-sql\tests\etl-sql.portal.tests\bin\debug\net10.0\etl-sql.portal.tests.dll" id="a2153455-4b6f-881f-49f6-550477818a16">
      <Execution id="a31786bb-cf9c-44b8-9da4-30e746f97cf5" />
      <TestMethod codeBase="C:\Users\chuck\scratch\ETL-SQL\tests\ETL-SQL.Portal.Tests\bin\Debug\net10.0\ETL-SQL.Portal.Tests.dll" adapterTypeName="executor://xunit/VsTestRunner3/netcore/" className="ETL_SQL.Portal.Tests.StudioAuthoringContractTests" name="EveryAuthoringModule_PerformsNoNetworkIoOfItsOwn" />
    </UnitTest>
    <UnitTest name="ETL_SQL.Portal.Tests.StudioAuthoringContractTests.EveryAuthoringModule_PerformsNoNetworkIoOfItsOwn(module: &quot;studio-authoring-context.js&quot;)" storage="c:\users\chuck\scratch\etl-sql\tests\etl-sql.portal.tests\bin\debug\net10.0\etl-sql.portal.tests.dll" id="2bf91f22-3621-1664-5b80-42412a77bfb4">
      <Execution id="ef7b3e82-ea9c-4313-bf0a-820587182f0e" />
      <TestMethod codeBase="C:\Users\chuck\scratch\ETL-SQL\tests\ETL-SQL.Portal.Tests\bin\Debug\net10.0\ETL-SQL.Portal.Tests.dll" adapterTypeName="executor://xunit/VsTestRunner3/netcore/" className="ETL_SQL.Portal.Tests.StudioAuthoringContractTests" name="EveryAuthoringModule_PerformsNoNetworkIoOfItsOwn" />
    </UnitTest>
  </TestDefinitions>
  <TestEntries>
    <TestEntry testId="5a6ab6db-12e4-b4f5-02f9-f1e90e2bfd64" executionId="3e081807-f6a0-48cc-bba4-66f7e9f913cf" testListId="8c84fa94-04c1-424b-9868-57a2d4851a1d" />
    <TestEntry testId="dfdc15f0-0b28-bb00-2eb5-8ffea5000280" executionId="77d2ec99-3bba-4152-adf6-00e6beb59c3a" testListId="8c84fa94-04c1-424b-9868-57a2d4851a1d" />
    <TestEntry testId="a751ab4b-42e5-68fe-355c-8b86f7786de8" executionId="5aaa6853-9b5b-4cbf-89be-0cd65f0e87c0" testListId="8c84fa94-04c1-424b-9868-57a2d4851a1d" />
    <TestEntry testId="6d67448a-20d0-5edd-93f7-2c9bd642ed40" executionId="0958d51d-9d13-41e9-96c4-bc2e7a994ef6" testListId="8c84fa94-04c1-424b-9868-57a2d4851a1d" />
    <TestEntry testId="5d639807-b317-9441-ef58-33588c4a266d" executionId="07cfb69a-01dc-4f13-a565-2570abc6aace" testListId="8c84fa94-04c1-424b-9868-57a2d4851a1d" />
    <TestEntry testId="f922554b-2ec8-35a7-649f-f698889eeda4" executionId="ff5afa72-f07c-497f-b680-5f1669e7444e" testListId="8c84fa94-04c1-424b-9868-57a2d4851a1d" />
    <TestEntry testId="7a674b93-9a38-ee1c-6acb-8be7044e4bf3" executionId="052c6e2c-a14d-4472-8dc9-b4a414f0d39f" testListId="8c84fa94-04c1-424b-9868-57a2d4851a1d" />
    <TestEntry testId="9f638ad7-7361-87d6-cdea-605fa6a0a76a" executionId="9d140e52-81fe-4c63-97b1-07893da69ec4" testListId="8c84fa94-04c1-424b-9868-57a2d4851a1d" />
    <TestEntry testId="fe72c5a8-e38d-3a83-7f4f-e0ad9532a42c" executionId="ff6e6e43-5ee9-4b79-a8ce-c7fdcd50e40b" testListId="8c84fa94-04c1-424b-9868-57a2d4851a1d" />
    <TestEntry testId="8c3505b8-8796-62c9-115a-9ed7a52914b5" executionId="9989df72-b452-45b5-a352-8a00a62ee054" testListId="8c84fa94-04c1-424b-9868-57a2d4851a1d" />
    <TestEntry testId="3535073e-0d56-0876-7c61-3f3e814956e9" executionId="592f4ffb-c2d5-42d7-bc8c-830d782a65f3" testListId="8c84fa94-04c1-424b-9868-57a2d4851a1d" />
    <TestEntry testId="9a8740e7-e435-28d8-2fdd-d57abba3ab93" executionId="47474dcc-236a-4b3b-b5c5-552f5c4a3542" testListId="8c84fa94-04c1-424b-9868-57a2d4851a1d" />
    <TestEntry testId="b4c24907-23af-085e-ddeb-461aae00f46b" executionId="477dc2e2-6a20-4d06-a7ba-385016985d38" testListId="8c84fa94-04c1-424b-9868-57a2d4851a1d" />
    <TestEntry testId="6289b8ee-92d0-583f-afff-d5d3d2498746" executionId="09c4143b-ef5d-45c0-b026-86e008f8dac1" testListId="8c84fa94-04c1-424b-9868-57a2d4851a1d" />
    <TestEntry testId="07d1f6ea-44ef-eeb5-fa97-4e021d8f387b" executionId="f3c90524-8ed1-4998-bfa2-f49ae3da64e0" testListId="8c84fa94-04c1-424b-9868-57a2d4851a1d" />
    <TestEntry testId="92f6662e-2fbb-660a-2343-3591e702e4fd" executionId="c73006eb-33be-4bb4-b191-7a3cfa88a639" testListId="8c84fa94-04c1-424b-9868-57a2d4851a1d" />
    <TestEntry testId="319a2a3f-73c6-1696-9869-9f4a7cd5c268" executionId="75b69459-33d8-4809-8dba-048db6625fd1" testListId="8c84fa94-04c1-424b-9868-57a2d4851a1d" />
    <TestEntry testId="4542c921-9802-12f2-a917-cb9db4c89c37" executionId="82995cb9-7b7b-47c2-8dd0-fc43cf492f48" testListId="8c84fa94-04c1-424b-9868-57a2d4851a1d" />
    <TestEntry testId="2bf91f22-3621-1664-5b80-42412a77bfb4" executionId="ef7b3e82-ea9c-4313-bf0a-820587182f0e" testListId="8c84fa94-04c1-424b-9868-57a2d4851a1d" />
    <TestEntry testId="8dac1110-bd45-42b6-deab-1bd9ebeff2c7" executionId="f6125bbd-f69f-4ce9-ac54-10d1240fdbe8" testListId="8c84fa94-04c1-424b-9868-57a2d4851a1d" />
    <TestEntry testId="edf3d44a-cb3f-45ab-deca-d60d49c85480" executionId="2215cb1b-f0c2-4ca7-becd-7c5be4e4e8bc" testListId="8c84fa94-04c1-424b-9868-57a2d4851a1d" />
    <TestEntry testId="e756431c-d1f1-6385-d24e-926e2fea490e" executionId="a42dcd04-f694-479e-89ea-7d303f824a05" testListId="8c84fa94-04c1-424b-9868-57a2d4851a1d" />
    <TestEntry testId="b4143dbd-df4c-2164-402e-c16108ab1d33" executionId="8ba3a6d2-ae64-4eb1-b91f-4e7e09605009" testListId="8c84fa94-04c1-424b-9868-57a2d4851a1d" />
    <TestEntry testId="7dd16230-fc3a-b6a8-1644-2afcfee550ce" executionId="83e4efe7-4eb5-418b-b826-485a996d3b18" testListId="8c84fa94-04c1-424b-9868-57a2d4851a1d" />
    <TestEntry testId="4245919d-e1d7-61ee-3c5d-d4bb85c9d980" executionId="8ee3f336-5343-40c3-a15a-2c85fb0efae3" testListId="8c84fa94-04c1-424b-9868-57a2d4851a1d" />
    <TestEntry testId="366fa017-a3a7-e1f4-b0a5-92d3268e571c" executionId="e7f67594-08be-424f-aa09-c8ba3863ef87" testListId="8c84fa94-04c1-424b-9868-57a2d4851a1d" />
    <TestEntry testId="ffb290b2-e6b2-621f-4f44-1a3178f0a247" executionId="6545b831-8f41-4599-ab11-cb54992743e6" testListId="8c84fa94-04c1-424b-9868-57a2d4851a1d" />
    <TestEntry testId="10d32682-c4ef-fe33-ed89-5d276e3666ff" executionId="a45c5d4a-91f8-4bb7-a2fd-13f7b4faa107" testListId="8c84fa94-04c1-424b-9868-57a2d4851a1d" />
    <TestEntry testId="7547cb53-d934-9561-a495-bed19eddfa3a" executionId="d8cb8a42-8989-419e-867c-13344d2a9a08" testListId="8c84fa94-04c1-424b-9868-57a2d4851a1d" />
    <TestEntry testId="28bb5cbf-82ce-d86e-6c7e-9bab91d70b84" executionId="a2b4c904-2dd3-49c4-b15a-3acf2683e31a" testListId="8c84fa94-04c1-424b-9868-57a2d4851a1d" />
    <TestEntry testId="6f98ef23-532d-89a3-944b-53e3764fab33" executionId="b4632240-a2e1-4ada-975e-812707930233" testListId="8c84fa94-04c1-424b-9868-57a2d4851a1d" />
    <TestEntry testId="1885c71b-0d61-564d-8c02-107d354bed4f" executionId="0396d76d-c508-43c7-8da3-e23775f12432" testListId="8c84fa94-04c1-424b-9868-57a2d4851a1d" />
    <TestEntry testId="a2153455-4b6f-881f-49f6-550477818a16" executionId="a31786bb-cf9c-44b8-9da4-30e746f97cf5" testListId="8c84fa94-04c1-424b-9868-57a2d4851a1d" />
    <TestEntry testId="6178a700-1a96-b8c9-4429-d7b424f8c6e9" executionId="5e3bde4b-9b8b-4a26-8420-1fee1350edd4" testListId="8c84fa94-04c1-424b-9868-57a2d4851a1d" />
  </TestEntries>
  <TestLists>
    <TestList name="Results Not in a List" id="8c84fa94-04c1-424b-9868-57a2d4851a1d" />
    <TestList name="All Loaded Results" id="19431567-8539-422a-85d7-44ee4e166bda" />
  </TestLists>
  <ResultSummary outcome="Completed">
    <Counters total="34" executed="34" passed="34" failed="0" error="0" timeout="0" aborted="0" inconclusive="0" passedButRunAborted="0" notRunnable="0" notExecuted="0" disconnected="0" warning="0" completed="0" inProgress="0" pending="0" />
    <Output>
      <StdOut>[xUnit.net 00:00:00.00] xUnit.net VSTest Adapter v3.1.5+1b188a7b0a (64-bit .NET 10.0.12)&#xD;
[xUnit.net 00:00:00.67]   Discovering: ETL-SQL.Portal.Tests&#xD;
[xUnit.net 00:00:00.80]   Discovered:  ETL-SQL.Portal.Tests&#xD;
[xUnit.net 00:00:00.82]   Starting:    ETL-SQL.Portal.Tests&#xD;
[xUnit.net 00:00:11.83]   Finished:    ETL-SQL.Portal.Tests&#xD;
</StdOut>
    </Output>
  </ResultSummary>
</TestRun>